.
..
CODE
CODE.expected
config
FILES
FILES.expected
input.json
output.json
STDERR
STDERR.expected
STDOUT
STDOUT.expected
