djconvert: Hash prefix 'b' is ambiguous
djconvert: Available hashes (2):
b31d4d6a1dda5c7120a4b0953d15694a6a811f24	
bc28e13ea2a8d16fce3ca95b317a05fdef25ce94
