.
..
CODE
CODE.expected
config
FILES
FILES.expected
STDERR
STDERR.expected
STDOUT
STDOUT.expected
