2014/07/13 08:31:02 open input.json: no such file or directory
