Usage:
    djconvert up <source> <target> [--pretty]
    djconvert down <source> <target> <event-hash> [--pretty]
    djconvert -h | --help
    djconvert --version
