djconvert: No such hash 'somehash'
djconvert: Available hashes (0):
