djconvert: open input.json: no such file or directory
